{"level":"INFO","message":"[5:15:05.908 PM]: Creating new connection object"}
{"level":"INFO","message":"[5:15:05.922 PM]: Creating Connection[id: 8186564a-8d0a-4c80-9f2c-369ddecc492a] with host: XG02811-OO69432.snowflakecomputing.com, account: XG02811-OO69432, accessUrl: https://XG02811-OO69432.snowflakecomputing.com, user: MARCEL.SPINDLER@HELLOFRESH.DE, role: US_OPS_ANALYTICS_USER, database: US_OPS_ANALYTICS, schema: HIGHJUMP, warehouse: US_OPS_ANALYTICS, proxy was not configured, password is not provided, region: undefined, authenticator: EXTERNALBROWSER, ocsp mode: FAIL_OPEN, os: win32, os version: 10.0.26100"}
{"level":"INFO","message":"[5:15:05.922 PM]: Connection[id: 8186564a-8d0a-4c80-9f2c-369ddecc492a] additional details: passcode in password is provided, passcode is not provided, private key is not provided, application: rezeptlogik_wms_live, client name: snowflake-sdk, client version: 2.4.1, retry timeout: 300, private key path: undefined, private key pass is not provided, client store temporary credential: false, browser response timeout: 120000"}
{"level":"INFO","message":"[5:15:05.922 PM]: Connection[id: 8186564a-8d0a-4c80-9f2c-369ddecc492a] - connection object created successfully."}
{"level":"INFO","message":"[5:15:05.923 PM]: Connection[id: 8186564a-8d0a-4c80-9f2c-369ddecc492a] - async connecting. Associated Snowflake domain: GLOBAL"}
{"level":"INFO","message":"[5:15:05.923 PM]: Trying to initialize Easy Logging"}
{"level":"INFO","message":"[5:15:05.925 PM]: No client config detected."}
{"level":"INFO","message":"[5:15:05.926 PM]: No config file path found. Client config will not be used."}
{"level":"INFO","message":"[5:15:05.926 PM]: Easy Logging is disabled as no config has been found"}
{"level":"INFO","message":"[5:15:44.462 PM]: Connection[id: 8186564a-8d0a-4c80-9f2c-369ddecc492a] - authentication successful using: EXTERNALBROWSER"}
{"level":"INFO","message":"[5:15:44.984 PM]: Connection[id: 8186564a-8d0a-4c80-9f2c-369ddecc492a] - connection established successfully after 39061.54 milliseconds"}
{"level":"INFO","message":"[5:15:56.112 PM]: Creating new connection object"}
{"level":"INFO","message":"[5:15:56.114 PM]: Creating Connection[id: b479b750-812f-4d43-8f7c-6758b3d13d16] with host: XG02811-OO69432.snowflakecomputing.com, account: XG02811-OO69432, accessUrl: https://XG02811-OO69432.snowflakecomputing.com, user: MARCEL.SPINDLER@HELLOFRESH.DE, role: US_OPS_ANALYTICS_USER, database: US_OPS_ANALYTICS, schema: HIGHJUMP, warehouse: US_OPS_ANALYTICS, proxy was not configured, password is not provided, region: undefined, authenticator: EXTERNALBROWSER, ocsp mode: FAIL_OPEN, os: win32, os version: 10.0.26100"}
{"level":"INFO","message":"[5:15:56.114 PM]: Connection[id: b479b750-812f-4d43-8f7c-6758b3d13d16] additional details: passcode in password is provided, passcode is not provided, private key is not provided, application: rezeptlogik_wms_live, client name: snowflake-sdk, client version: 2.4.1, retry timeout: 300, private key path: undefined, private key pass is not provided, client store temporary credential: false, browser response timeout: 120000"}
{"level":"INFO","message":"[5:15:56.115 PM]: Connection[id: b479b750-812f-4d43-8f7c-6758b3d13d16] - connection object created successfully."}
{"level":"INFO","message":"[5:15:56.115 PM]: Connection[id: b479b750-812f-4d43-8f7c-6758b3d13d16] - async connecting. Associated Snowflake domain: GLOBAL"}
{"level":"INFO","message":"[5:16:00.368 PM]: Connection[id: b479b750-812f-4d43-8f7c-6758b3d13d16] - authentication successful using: EXTERNALBROWSER"}
{"level":"INFO","message":"[5:16:00.598 PM]: Connection[id: b479b750-812f-4d43-8f7c-6758b3d13d16] - connection established successfully after 4482.73 milliseconds"}
{"level":"INFO","message":"[5:18:30.454 PM]: Creating new connection object"}
{"level":"INFO","message":"[5:18:30.469 PM]: Creating Connection[id: 3252aa45-b555-4d8e-ba9b-01d7c52675f7] with host: XG02811-OO69432.snowflakecomputing.com, account: XG02811-OO69432, accessUrl: https://XG02811-OO69432.snowflakecomputing.com, user: MARCEL.SPINDLER@HELLOFRESH.DE, role: US_OPS_ANALYTICS_USER, database: US_OPS_ANALYTICS, schema: HIGHJUMP, warehouse: US_OPS_ANALYTICS, proxy was not configured, password is not provided, region: undefined, authenticator: EXTERNALBROWSER, ocsp mode: FAIL_OPEN, os: win32, os version: 10.0.26100"}
{"level":"INFO","message":"[5:18:30.469 PM]: Connection[id: 3252aa45-b555-4d8e-ba9b-01d7c52675f7] additional details: passcode in password is provided, passcode is not provided, private key is not provided, application: rezeptlogik_wms_live, client name: snowflake-sdk, client version: 2.4.1, retry timeout: 300, private key path: undefined, private key pass is not provided, client store temporary credential: false, browser response timeout: 120000"}
{"level":"INFO","message":"[5:18:30.470 PM]: Connection[id: 3252aa45-b555-4d8e-ba9b-01d7c52675f7] - connection object created successfully."}
{"level":"INFO","message":"[5:18:30.471 PM]: Connection[id: 3252aa45-b555-4d8e-ba9b-01d7c52675f7] - async connecting. Associated Snowflake domain: GLOBAL"}
{"level":"INFO","message":"[5:18:30.471 PM]: Trying to initialize Easy Logging"}
{"level":"INFO","message":"[5:18:30.473 PM]: No client config detected."}
{"level":"INFO","message":"[5:18:30.474 PM]: No config file path found. Client config will not be used."}
{"level":"INFO","message":"[5:18:30.474 PM]: Easy Logging is disabled as no config has been found"}
{"level":"INFO","message":"[5:18:34.912 PM]: Connection[id: 3252aa45-b555-4d8e-ba9b-01d7c52675f7] - authentication successful using: EXTERNALBROWSER"}
{"level":"INFO","message":"[5:18:35.158 PM]: Connection[id: 3252aa45-b555-4d8e-ba9b-01d7c52675f7] - connection established successfully after 4687.37 milliseconds"}
{"level":"INFO","message":"[5:21:45.396 PM]: Creating new connection object"}
{"level":"INFO","message":"[5:21:45.412 PM]: Creating Connection[id: b591b2c3-7c58-49e6-a6f6-0a29894ab84c] with host: XG02811-OO69432.snowflakecomputing.com, account: XG02811-OO69432, accessUrl: https://XG02811-OO69432.snowflakecomputing.com, user: MARCEL.SPINDLER@HELLOFRESH.DE, role: US_OPS_ANALYTICS_USER, database: US_OPS_ANALYTICS, schema: HIGHJUMP, warehouse: US_OPS_ANALYTICS, proxy was not configured, password is not provided, region: undefined, authenticator: EXTERNALBROWSER, ocsp mode: FAIL_OPEN, os: win32, os version: 10.0.26100"}
{"level":"INFO","message":"[5:21:45.413 PM]: Connection[id: b591b2c3-7c58-49e6-a6f6-0a29894ab84c] additional details: passcode in password is provided, passcode is not provided, private key is not provided, application: rezeptlogik_wms_live, client name: snowflake-sdk, client version: 2.4.1, retry timeout: 300, private key path: undefined, private key pass is not provided, client store temporary credential: false, browser response timeout: 120000"}
{"level":"INFO","message":"[5:21:45.413 PM]: Connection[id: b591b2c3-7c58-49e6-a6f6-0a29894ab84c] - connection object created successfully."}
{"level":"INFO","message":"[5:21:45.414 PM]: Connection[id: b591b2c3-7c58-49e6-a6f6-0a29894ab84c] - async connecting. Associated Snowflake domain: GLOBAL"}
{"level":"INFO","message":"[5:21:45.414 PM]: Trying to initialize Easy Logging"}
{"level":"INFO","message":"[5:21:45.416 PM]: No client config detected."}
{"level":"INFO","message":"[5:21:45.417 PM]: No config file path found. Client config will not be used."}
{"level":"INFO","message":"[5:21:45.417 PM]: Easy Logging is disabled as no config has been found"}
{"level":"INFO","message":"[5:21:50.619 PM]: Connection[id: b591b2c3-7c58-49e6-a6f6-0a29894ab84c] - authentication successful using: EXTERNALBROWSER"}
{"level":"INFO","message":"[5:21:50.921 PM]: Connection[id: b591b2c3-7c58-49e6-a6f6-0a29894ab84c] - connection established successfully after 5507.67 milliseconds"}
