{"level":"INFO","message":"[9:09:26.113 AM]: Creating new connection object"}
{"level":"INFO","message":"[9:09:26.147 AM]: Creating Connection[id: cf90d795-835b-4f2b-917c-3dd69b624794] with host: XG02811-OO69432.snowflakecomputing.com, account: XG02811-OO69432, accessUrl: https://XG02811-OO69432.snowflakecomputing.com, user: MARCEL.SPINDLER@HELLOFRESH.DE, role: US_OPS_ANALYTICS_USER, database: US_OPS_ANALYTICS, schema: HIGHJUMP, warehouse: US_OPS_ANALYTICS, proxy was not configured, password is not provided, region: undefined, authenticator: EXTERNALBROWSER, ocsp mode: FAIL_OPEN, os: win32, os version: 10.0.26100"}
{"level":"INFO","message":"[9:09:26.148 AM]: Connection[id: cf90d795-835b-4f2b-917c-3dd69b624794] additional details: passcode in password is provided, passcode is not provided, private key is not provided, application: rezeptlogik_wms_server, client name: snowflake-sdk, client version: 2.4.1, retry timeout: 300, private key path: undefined, private key pass is not provided, client store temporary credential: false, browser response timeout: 120000"}
{"level":"INFO","message":"[9:09:26.149 AM]: Connection[id: cf90d795-835b-4f2b-917c-3dd69b624794] - connection object created successfully."}
{"level":"INFO","message":"[9:09:26.150 AM]: Connection[id: cf90d795-835b-4f2b-917c-3dd69b624794] - async connecting. Associated Snowflake domain: GLOBAL"}
{"level":"INFO","message":"[9:09:26.150 AM]: Trying to initialize Easy Logging"}
{"level":"INFO","message":"[9:09:26.154 AM]: No client config detected."}
{"level":"INFO","message":"[9:09:26.154 AM]: No config file path found. Client config will not be used."}
{"level":"INFO","message":"[9:09:26.155 AM]: Easy Logging is disabled as no config has been found"}
{"level":"INFO","message":"[9:09:58.009 AM]: Connection[id: cf90d795-835b-4f2b-917c-3dd69b624794] - authentication successful using: EXTERNALBROWSER"}
{"level":"INFO","message":"[9:09:58.247 AM]: Connection[id: cf90d795-835b-4f2b-917c-3dd69b624794] - connection established successfully after 32096.71 milliseconds"}
{"level":"INFO","message":"[2:39:15.757 PM]: Creating new connection object"}
{"level":"INFO","message":"[2:39:15.778 PM]: Creating Connection[id: e26b6667-e003-4db0-9ae0-be398e50d4e0] with host: XG02811-OO69432.snowflakecomputing.com, account: XG02811-OO69432, accessUrl: https://XG02811-OO69432.snowflakecomputing.com, user: MARCEL.SPINDLER@HELLOFRESH.DE, role: US_OPS_ANALYTICS_USER, database: US_OPS_ANALYTICS, schema: HIGHJUMP, warehouse: US_OPS_ANALYTICS, proxy was not configured, password is not provided, region: undefined, authenticator: EXTERNALBROWSER, ocsp mode: FAIL_OPEN, os: win32, os version: 10.0.26100"}
{"level":"INFO","message":"[2:39:15.779 PM]: Connection[id: e26b6667-e003-4db0-9ae0-be398e50d4e0] additional details: passcode in password is provided, passcode is not provided, private key is not provided, application: rezeptlogik_wms_server, client name: snowflake-sdk, client version: 2.4.1, retry timeout: 300, private key path: undefined, private key pass is not provided, client store temporary credential: false, browser response timeout: 120000"}
{"level":"INFO","message":"[2:39:15.779 PM]: Connection[id: e26b6667-e003-4db0-9ae0-be398e50d4e0] - connection object created successfully."}
{"level":"INFO","message":"[2:39:15.780 PM]: Connection[id: e26b6667-e003-4db0-9ae0-be398e50d4e0] - async connecting. Associated Snowflake domain: GLOBAL"}
{"level":"INFO","message":"[2:39:15.781 PM]: Trying to initialize Easy Logging"}
{"level":"INFO","message":"[2:39:15.786 PM]: Creating new connection object"}
{"level":"INFO","message":"[2:39:15.787 PM]: Creating Connection[id: c02210f8-e169-448f-bd9b-8da71944f897] with host: XG02811-OO69432.snowflakecomputing.com, account: XG02811-OO69432, accessUrl: https://XG02811-OO69432.snowflakecomputing.com, user: MARCEL.SPINDLER@HELLOFRESH.DE, role: US_OPS_ANALYTICS_USER, database: US_OPS_ANALYTICS, schema: HIGHJUMP, warehouse: US_OPS_ANALYTICS, proxy was not configured, password is not provided, region: undefined, authenticator: EXTERNALBROWSER, ocsp mode: FAIL_OPEN, os: win32, os version: 10.0.26100"}
{"level":"INFO","message":"[2:39:15.787 PM]: Connection[id: c02210f8-e169-448f-bd9b-8da71944f897] additional details: passcode in password is provided, passcode is not provided, private key is not provided, application: rezeptlogik_wms_server, client name: snowflake-sdk, client version: 2.4.1, retry timeout: 300, private key path: undefined, private key pass is not provided, client store temporary credential: false, browser response timeout: 120000"}
{"level":"INFO","message":"[2:39:15.788 PM]: Connection[id: c02210f8-e169-448f-bd9b-8da71944f897] - connection object created successfully."}
{"level":"INFO","message":"[2:39:15.788 PM]: Connection[id: c02210f8-e169-448f-bd9b-8da71944f897] - async connecting. Associated Snowflake domain: GLOBAL"}
{"level":"INFO","message":"[2:39:15.789 PM]: Trying to initialize Easy Logging"}
{"level":"INFO","message":"[2:39:15.790 PM]: No client config detected."}
{"level":"INFO","message":"[2:39:15.790 PM]: No config file path found. Client config will not be used."}
{"level":"INFO","message":"[2:39:15.790 PM]: Easy Logging is disabled as no config has been found"}
{"level":"INFO","message":"[2:39:15.824 PM]: No client config detected."}
{"level":"INFO","message":"[2:39:15.825 PM]: No config file path found. Client config will not be used."}
{"level":"INFO","message":"[2:39:15.825 PM]: Easy Logging is disabled as no config has been found"}
{"level":"INFO","message":"[2:39:20.234 PM]: Connection[id: e26b6667-e003-4db0-9ae0-be398e50d4e0] - authentication successful using: EXTERNALBROWSER"}
{"level":"INFO","message":"[2:39:20.236 PM]: Connection[id: c02210f8-e169-448f-bd9b-8da71944f897] - authentication successful using: EXTERNALBROWSER"}
{"level":"INFO","message":"[2:39:20.519 PM]: Connection[id: e26b6667-e003-4db0-9ae0-be398e50d4e0] - connection established successfully after 4739.21 milliseconds"}
{"level":"INFO","message":"[2:39:20.533 PM]: Connection[id: c02210f8-e169-448f-bd9b-8da71944f897] - connection established successfully after 4744.8 milliseconds"}
{"level":"INFO","message":"[1:41:58.764 PM]: Creating new connection object"}
{"level":"INFO","message":"[1:41:58.789 PM]: Creating Connection[id: 6bfad579-2f21-473e-9fa3-6e0f9def81e9] with host: XG02811-OO69432.snowflakecomputing.com, account: XG02811-OO69432, accessUrl: https://XG02811-OO69432.snowflakecomputing.com, user: MARCEL.SPINDLER@HELLOFRESH.DE, role: US_OPS_ANALYTICS_USER, database: US_OPS_ANALYTICS, schema: HIGHJUMP, warehouse: US_OPS_ANALYTICS, proxy was not configured, password is not provided, region: undefined, authenticator: EXTERNALBROWSER, ocsp mode: FAIL_OPEN, os: win32, os version: 10.0.26100"}
{"level":"INFO","message":"[1:41:58.790 PM]: Connection[id: 6bfad579-2f21-473e-9fa3-6e0f9def81e9] additional details: passcode in password is provided, passcode is not provided, private key is not provided, application: rezeptlogik_wms_plating, client name: snowflake-sdk, client version: 2.4.1, retry timeout: 300, private key path: undefined, private key pass is not provided, client store temporary credential: false, browser response timeout: 120000"}
{"level":"INFO","message":"[1:41:58.790 PM]: Connection[id: 6bfad579-2f21-473e-9fa3-6e0f9def81e9] - connection object created successfully."}
{"level":"INFO","message":"[1:41:58.791 PM]: Connection[id: 6bfad579-2f21-473e-9fa3-6e0f9def81e9] - async connecting. Associated Snowflake domain: GLOBAL"}
{"level":"INFO","message":"[1:41:58.792 PM]: Trying to initialize Easy Logging"}
{"level":"INFO","message":"[1:41:58.797 PM]: No client config detected."}
{"level":"INFO","message":"[1:41:58.797 PM]: No config file path found. Client config will not be used."}
{"level":"INFO","message":"[1:41:58.798 PM]: Easy Logging is disabled as no config has been found"}
{"level":"INFO","message":"[1:42:04.594 PM]: Connection[id: 6bfad579-2f21-473e-9fa3-6e0f9def81e9] - authentication successful using: EXTERNALBROWSER"}
{"level":"INFO","message":"[1:42:05.011 PM]: Connection[id: 6bfad579-2f21-473e-9fa3-6e0f9def81e9] - connection established successfully after 6219.89 milliseconds"}
{"level":"INFO","message":"[4:18:50.081 PM]: Creating new connection object"}
{"level":"INFO","message":"[4:18:50.113 PM]: Creating Connection[id: 6be848e5-7af8-4c80-a258-cdc9b8179936] with host: XG02811-OO69432.snowflakecomputing.com, account: XG02811-OO69432, accessUrl: https://XG02811-OO69432.snowflakecomputing.com, user: MARCEL.SPINDLER@HELLOFRESH.DE, role: US_OPS_ANALYTICS_USER, database: US_OPS_ANALYTICS, schema: HIGHJUMP, warehouse: US_OPS_ANALYTICS, proxy was not configured, password is not provided, region: undefined, authenticator: EXTERNALBROWSER, ocsp mode: FAIL_OPEN, os: win32, os version: 10.0.26100"}
{"level":"INFO","message":"[4:18:50.114 PM]: Connection[id: 6be848e5-7af8-4c80-a258-cdc9b8179936] additional details: passcode in password is provided, passcode is not provided, private key is not provided, application: rezeptlogik_wms_plating, client name: snowflake-sdk, client version: 2.4.1, retry timeout: 300, private key path: undefined, private key pass is not provided, client store temporary credential: false, browser response timeout: 120000"}
{"level":"INFO","message":"[4:18:50.114 PM]: Connection[id: 6be848e5-7af8-4c80-a258-cdc9b8179936] - connection object created successfully."}
{"level":"INFO","message":"[4:18:50.115 PM]: Connection[id: 6be848e5-7af8-4c80-a258-cdc9b8179936] - async connecting. Associated Snowflake domain: GLOBAL"}
{"level":"INFO","message":"[4:18:50.116 PM]: Trying to initialize Easy Logging"}
{"level":"INFO","message":"[4:18:50.123 PM]: No client config detected."}
{"level":"INFO","message":"[4:18:50.124 PM]: No config file path found. Client config will not be used."}
{"level":"INFO","message":"[4:18:50.124 PM]: Easy Logging is disabled as no config has been found"}
{"level":"INFO","message":"[4:19:22.267 PM]: Connection[id: 6be848e5-7af8-4c80-a258-cdc9b8179936] - authentication successful using: EXTERNALBROWSER"}
{"level":"INFO","message":"[4:19:23.055 PM]: Connection[id: 6be848e5-7af8-4c80-a258-cdc9b8179936] - connection established successfully after 32940.17 milliseconds"}
{"level":"INFO","message":"[7:54:46.106 AM]: Creating new connection object"}
{"level":"INFO","message":"[7:54:46.122 AM]: Creating Connection[id: 59f26cb5-b4d0-42c4-bd97-0908e7952ebd] with host: XG02811-OO69432.snowflakecomputing.com, account: XG02811-OO69432, accessUrl: https://XG02811-OO69432.snowflakecomputing.com, user: undefined, role: US_OPS_ANALYTICS_USER, database: US_OPS_ANALYTICS, schema: HIGHJUMP, warehouse: US_OPS_ANALYTICS, proxy was not configured, password is not provided, region: undefined, authenticator: EXTERNALBROWSER, ocsp mode: FAIL_OPEN, os: win32, os version: 10.0.26100"}
{"level":"INFO","message":"[7:54:46.123 AM]: Connection[id: 59f26cb5-b4d0-42c4-bd97-0908e7952ebd] additional details: passcode in password is provided, passcode is not provided, private key is not provided, application: rezeptlogik_wms_cache_sync, client name: snowflake-sdk, client version: 2.4.1, retry timeout: 300, private key path: undefined, private key pass is not provided, client store temporary credential: false, browser response timeout: 120000"}
{"level":"INFO","message":"[7:54:46.124 AM]: Connection[id: 59f26cb5-b4d0-42c4-bd97-0908e7952ebd] - connection object created successfully."}
{"level":"INFO","message":"[7:54:46.125 AM]: Connection[id: 59f26cb5-b4d0-42c4-bd97-0908e7952ebd] - async connecting. Associated Snowflake domain: GLOBAL"}
{"level":"INFO","message":"[7:54:46.126 AM]: Trying to initialize Easy Logging"}
{"level":"INFO","message":"[7:54:46.138 AM]: No client config detected."}
{"level":"INFO","message":"[7:54:46.139 AM]: No config file path found. Client config will not be used."}
{"level":"INFO","message":"[7:54:46.139 AM]: Easy Logging is disabled as no config has been found"}
{"level":"INFO","message":"[7:54:51.483 AM]: Connection[id: 59f26cb5-b4d0-42c4-bd97-0908e7952ebd] - authentication successful using: EXTERNALBROWSER"}
{"level":"INFO","message":"[7:54:51.734 AM]: Connection[id: 59f26cb5-b4d0-42c4-bd97-0908e7952ebd] - connection established successfully after 5609.3 milliseconds"}
{"level":"INFO","message":"[8:00:36.676 AM]: Creating new connection object"}
{"level":"INFO","message":"[8:00:36.691 AM]: Creating Connection[id: a54d14b2-0cad-499b-9a03-adb5d737bdf2] with host: XG02811-OO69432.snowflakecomputing.com, account: XG02811-OO69432, accessUrl: https://XG02811-OO69432.snowflakecomputing.com, user: undefined, role: US_OPS_ANALYTICS_USER, database: US_OPS_ANALYTICS, schema: HIGHJUMP, warehouse: US_OPS_ANALYTICS, proxy was not configured, password is not provided, region: undefined, authenticator: EXTERNALBROWSER, ocsp mode: FAIL_OPEN, os: win32, os version: 10.0.26100"}
{"level":"INFO","message":"[8:00:36.692 AM]: Connection[id: a54d14b2-0cad-499b-9a03-adb5d737bdf2] additional details: passcode in password is provided, passcode is not provided, private key is not provided, application: rezeptlogik_wms_cache_sync, client name: snowflake-sdk, client version: 2.4.1, retry timeout: 300, private key path: undefined, private key pass is not provided, client store temporary credential: false, browser response timeout: 120000"}
{"level":"INFO","message":"[8:00:36.692 AM]: Connection[id: a54d14b2-0cad-499b-9a03-adb5d737bdf2] - connection object created successfully."}
{"level":"INFO","message":"[8:00:36.693 AM]: Connection[id: a54d14b2-0cad-499b-9a03-adb5d737bdf2] - async connecting. Associated Snowflake domain: GLOBAL"}
{"level":"INFO","message":"[8:00:36.693 AM]: Trying to initialize Easy Logging"}
{"level":"INFO","message":"[8:00:36.703 AM]: No client config detected."}
{"level":"INFO","message":"[8:00:36.703 AM]: No config file path found. Client config will not be used."}
{"level":"INFO","message":"[8:00:36.704 AM]: Easy Logging is disabled as no config has been found"}
{"level":"INFO","message":"[8:00:43.066 AM]: Connection[id: a54d14b2-0cad-499b-9a03-adb5d737bdf2] - authentication successful using: EXTERNALBROWSER"}
{"level":"INFO","message":"[8:00:43.286 AM]: Connection[id: a54d14b2-0cad-499b-9a03-adb5d737bdf2] - connection established successfully after 6593.97 milliseconds"}
{"level":"INFO","message":"[10:28:56.875 AM]: Creating new connection object"}
{"level":"INFO","message":"[10:28:56.895 AM]: Creating Connection[id: cd16e6cc-9d41-4904-a70c-2de8a6ff9653] with host: XG02811-OO69432.snowflakecomputing.com, account: XG02811-OO69432, accessUrl: https://XG02811-OO69432.snowflakecomputing.com, user: undefined, role: US_OPS_ANALYTICS_USER, database: US_OPS_ANALYTICS, schema: HIGHJUMP, warehouse: US_OPS_ANALYTICS, proxy was not configured, password is not provided, region: undefined, authenticator: EXTERNALBROWSER, ocsp mode: FAIL_OPEN, os: win32, os version: 10.0.26100"}
{"level":"INFO","message":"[10:28:56.895 AM]: Connection[id: cd16e6cc-9d41-4904-a70c-2de8a6ff9653] additional details: passcode in password is provided, passcode is not provided, private key is not provided, application: rezeptlogik_wms_cache_sync, client name: snowflake-sdk, client version: 2.4.1, retry timeout: 300, private key path: undefined, private key pass is not provided, client store temporary credential: false, browser response timeout: 120000"}
{"level":"INFO","message":"[10:28:56.895 AM]: Connection[id: cd16e6cc-9d41-4904-a70c-2de8a6ff9653] - connection object created successfully."}
{"level":"INFO","message":"[10:28:56.896 AM]: Connection[id: cd16e6cc-9d41-4904-a70c-2de8a6ff9653] - async connecting. Associated Snowflake domain: GLOBAL"}
{"level":"INFO","message":"[10:28:56.896 AM]: Trying to initialize Easy Logging"}
{"level":"INFO","message":"[10:28:56.909 AM]: No client config detected."}
{"level":"INFO","message":"[10:28:56.909 AM]: No config file path found. Client config will not be used."}
{"level":"INFO","message":"[10:28:56.910 AM]: Easy Logging is disabled as no config has been found"}
{"level":"INFO","message":"[10:29:01.311 AM]: Connection[id: cd16e6cc-9d41-4904-a70c-2de8a6ff9653] - authentication successful using: EXTERNALBROWSER"}
{"level":"INFO","message":"[10:29:01.550 AM]: Connection[id: cd16e6cc-9d41-4904-a70c-2de8a6ff9653] - connection established successfully after 4654.29 milliseconds"}
{"level":"INFO","message":"[10:48:31.187 AM]: Creating new connection object"}
{"level":"INFO","message":"[10:48:31.203 AM]: Creating Connection[id: 24edb9a9-6933-460e-8a6f-230459e78050] with host: XG02811-OO69432.snowflakecomputing.com, account: XG02811-OO69432, accessUrl: https://XG02811-OO69432.snowflakecomputing.com, user: undefined, role: US_OPS_ANALYTICS_USER, database: US_OPS_ANALYTICS, schema: HIGHJUMP, warehouse: US_OPS_ANALYTICS, proxy was not configured, password is not provided, region: undefined, authenticator: EXTERNALBROWSER, ocsp mode: FAIL_OPEN, os: win32, os version: 10.0.26100"}
{"level":"INFO","message":"[10:48:31.204 AM]: Connection[id: 24edb9a9-6933-460e-8a6f-230459e78050] additional details: passcode in password is provided, passcode is not provided, private key is not provided, application: rezeptlogik_wms_cache_sync, client name: snowflake-sdk, client version: 2.4.1, retry timeout: 300, private key path: undefined, private key pass is not provided, client store temporary credential: false, browser response timeout: 120000"}
{"level":"INFO","message":"[10:48:31.204 AM]: Connection[id: 24edb9a9-6933-460e-8a6f-230459e78050] - connection object created successfully."}
{"level":"INFO","message":"[10:48:31.205 AM]: Connection[id: 24edb9a9-6933-460e-8a6f-230459e78050] - async connecting. Associated Snowflake domain: GLOBAL"}
{"level":"INFO","message":"[10:48:31.206 AM]: Trying to initialize Easy Logging"}
{"level":"INFO","message":"[10:48:31.216 AM]: No client config detected."}
{"level":"INFO","message":"[10:48:31.217 AM]: No config file path found. Client config will not be used."}
{"level":"INFO","message":"[10:48:31.217 AM]: Easy Logging is disabled as no config has been found"}
{"level":"INFO","message":"[10:48:35.402 AM]: Connection[id: 24edb9a9-6933-460e-8a6f-230459e78050] - authentication successful using: EXTERNALBROWSER"}
{"level":"INFO","message":"[10:48:35.615 AM]: Connection[id: 24edb9a9-6933-460e-8a6f-230459e78050] - connection established successfully after 4409.68 milliseconds"}
{"level":"INFO","message":"[12:10:28.034 PM]: Creating new connection object"}
{"level":"INFO","message":"[12:10:28.048 PM]: Creating Connection[id: 98925e4e-25a8-4d4d-b81b-0e8d0a04e423] with host: XG02811-OO69432.snowflakecomputing.com, account: XG02811-OO69432, accessUrl: https://XG02811-OO69432.snowflakecomputing.com, user: MARCEL.SPINDLER@HELLOFRESH.DE, role: US_OPS_ANALYTICS_USER, database: US_OPS_ANALYTICS, schema: HIGHJUMP, warehouse: US_OPS_ANALYTICS, proxy was not configured, password is not provided, region: undefined, authenticator: EXTERNALBROWSER, ocsp mode: FAIL_OPEN, os: win32, os version: 10.0.26100"}
{"level":"INFO","message":"[12:10:28.049 PM]: Connection[id: 98925e4e-25a8-4d4d-b81b-0e8d0a04e423] additional details: passcode in password is provided, passcode is not provided, private key is not provided, application: rezeptlogik_wms_cache_sync, client name: snowflake-sdk, client version: 2.4.1, retry timeout: 300, private key path: undefined, private key pass is not provided, client store temporary credential: false, browser response timeout: 120000"}
{"level":"INFO","message":"[12:10:28.050 PM]: Connection[id: 98925e4e-25a8-4d4d-b81b-0e8d0a04e423] - connection object created successfully."}
{"level":"INFO","message":"[12:10:28.051 PM]: Connection[id: 98925e4e-25a8-4d4d-b81b-0e8d0a04e423] - async connecting. Associated Snowflake domain: GLOBAL"}
{"level":"INFO","message":"[12:10:28.052 PM]: Trying to initialize Easy Logging"}
{"level":"INFO","message":"[12:10:28.065 PM]: No client config detected."}
{"level":"INFO","message":"[12:10:28.066 PM]: No config file path found. Client config will not be used."}
{"level":"INFO","message":"[12:10:28.066 PM]: Easy Logging is disabled as no config has been found"}
{"level":"INFO","message":"[12:10:32.802 PM]: Connection[id: 98925e4e-25a8-4d4d-b81b-0e8d0a04e423] - authentication successful using: EXTERNALBROWSER"}
{"level":"INFO","message":"[12:10:33.133 PM]: Connection[id: 98925e4e-25a8-4d4d-b81b-0e8d0a04e423] - connection established successfully after 5082.28 milliseconds"}
{"level":"INFO","message":"[12:11:23.767 PM]: Creating new connection object"}
{"level":"INFO","message":"[12:11:23.780 PM]: Creating Connection[id: 2f97d5da-4a54-439f-9194-a4693756bc56] with host: XG02811-OO69432.snowflakecomputing.com, account: XG02811-OO69432, accessUrl: https://XG02811-OO69432.snowflakecomputing.com, user: MARCEL.SPINDLER@HELLOFRESH.DE, role: US_OPS_ANALYTICS_USER, database: US_OPS_ANALYTICS, schema: HIGHJUMP, warehouse: US_OPS_ANALYTICS, proxy was not configured, password is not provided, region: undefined, authenticator: EXTERNALBROWSER, ocsp mode: FAIL_OPEN, os: win32, os version: 10.0.26100"}
{"level":"INFO","message":"[12:11:23.781 PM]: Connection[id: 2f97d5da-4a54-439f-9194-a4693756bc56] additional details: passcode in password is provided, passcode is not provided, private key is not provided, application: rezeptlogik_wms_cache_sync, client name: snowflake-sdk, client version: 2.4.1, retry timeout: 300, private key path: undefined, private key pass is not provided, client store temporary credential: false, browser response timeout: 120000"}
{"level":"INFO","message":"[12:11:23.781 PM]: Connection[id: 2f97d5da-4a54-439f-9194-a4693756bc56] - connection object created successfully."}
{"level":"INFO","message":"[12:11:23.782 PM]: Connection[id: 2f97d5da-4a54-439f-9194-a4693756bc56] - async connecting. Associated Snowflake domain: GLOBAL"}
{"level":"INFO","message":"[12:11:23.783 PM]: Trying to initialize Easy Logging"}
{"level":"INFO","message":"[12:11:23.795 PM]: No client config detected."}
{"level":"INFO","message":"[12:11:23.795 PM]: No config file path found. Client config will not be used."}
{"level":"INFO","message":"[12:11:23.796 PM]: Easy Logging is disabled as no config has been found"}
{"level":"INFO","message":"[12:11:28.088 PM]: Connection[id: 2f97d5da-4a54-439f-9194-a4693756bc56] - authentication successful using: EXTERNALBROWSER"}
{"level":"INFO","message":"[12:11:28.390 PM]: Connection[id: 2f97d5da-4a54-439f-9194-a4693756bc56] - connection established successfully after 4608.57 milliseconds"}
{"level":"INFO","message":"[12:14:05.686 PM]: Creating new connection object"}
{"level":"INFO","message":"[12:14:05.705 PM]: Creating Connection[id: 57324883-9454-470b-b5cd-05a4ea14f45a] with host: XG02811-OO69432.snowflakecomputing.com, account: XG02811-OO69432, accessUrl: https://XG02811-OO69432.snowflakecomputing.com, user: MARCEL.SPINDLER@HELLOFRESH.DE, role: US_OPS_ANALYTICS_USER, database: US_OPS_ANALYTICS, schema: HIGHJUMP, warehouse: US_OPS_ANALYTICS, proxy was not configured, password is not provided, region: undefined, authenticator: EXTERNALBROWSER, ocsp mode: FAIL_OPEN, os: win32, os version: 10.0.26100"}
{"level":"INFO","message":"[12:14:05.705 PM]: Connection[id: 57324883-9454-470b-b5cd-05a4ea14f45a] additional details: passcode in password is provided, passcode is not provided, private key is not provided, application: rezeptlogik_wms_cache_sync, client name: snowflake-sdk, client version: 2.4.1, retry timeout: 300, private key path: undefined, private key pass is not provided, client store temporary credential: false, browser response timeout: 120000"}
{"level":"INFO","message":"[12:14:05.706 PM]: Connection[id: 57324883-9454-470b-b5cd-05a4ea14f45a] - connection object created successfully."}
{"level":"INFO","message":"[12:14:05.707 PM]: Connection[id: 57324883-9454-470b-b5cd-05a4ea14f45a] - async connecting. Associated Snowflake domain: GLOBAL"}
{"level":"INFO","message":"[12:14:05.707 PM]: Trying to initialize Easy Logging"}
{"level":"INFO","message":"[12:14:05.719 PM]: No client config detected."}
{"level":"INFO","message":"[12:14:05.720 PM]: No config file path found. Client config will not be used."}
{"level":"INFO","message":"[12:14:05.720 PM]: Easy Logging is disabled as no config has been found"}
{"level":"INFO","message":"[12:14:10.663 PM]: Connection[id: 57324883-9454-470b-b5cd-05a4ea14f45a] - authentication successful using: EXTERNALBROWSER"}
{"level":"INFO","message":"[12:14:11.200 PM]: Connection[id: 57324883-9454-470b-b5cd-05a4ea14f45a] - connection established successfully after 5493.53 milliseconds"}
{"level":"INFO","message":"[12:23:04.048 PM]: Creating new connection object"}
{"level":"INFO","message":"[12:23:04.059 PM]: Creating Connection[id: 2ec712a0-25f9-4551-ab01-4f4fd48f1836] with host: XG02811-OO69432.snowflakecomputing.com, account: XG02811-OO69432, accessUrl: https://XG02811-OO69432.snowflakecomputing.com, user: MARCEL.SPINDLER@HELLOFRESH.DE, role: US_OPS_ANALYTICS_USER, database: US_OPS_ANALYTICS, schema: HIGHJUMP, warehouse: US_OPS_ANALYTICS, proxy was not configured, password is not provided, region: undefined, authenticator: EXTERNALBROWSER, ocsp mode: FAIL_OPEN, os: win32, os version: 10.0.26100"}
{"level":"INFO","message":"[12:23:04.061 PM]: Connection[id: 2ec712a0-25f9-4551-ab01-4f4fd48f1836] additional details: passcode in password is provided, passcode is not provided, private key is not provided, application: rezeptlogik_wms_cache_sync, client name: snowflake-sdk, client version: 2.4.1, retry timeout: 300, private key path: undefined, private key pass is not provided, client store temporary credential: false, browser response timeout: 120000"}
{"level":"INFO","message":"[12:23:04.061 PM]: Connection[id: 2ec712a0-25f9-4551-ab01-4f4fd48f1836] - connection object created successfully."}
{"level":"INFO","message":"[12:23:04.062 PM]: Connection[id: 2ec712a0-25f9-4551-ab01-4f4fd48f1836] - async connecting. Associated Snowflake domain: GLOBAL"}
{"level":"INFO","message":"[12:23:04.062 PM]: Trying to initialize Easy Logging"}
{"level":"INFO","message":"[12:23:04.072 PM]: No client config detected."}
{"level":"INFO","message":"[12:23:04.072 PM]: No config file path found. Client config will not be used."}
{"level":"INFO","message":"[12:23:04.072 PM]: Easy Logging is disabled as no config has been found"}
{"level":"INFO","message":"[12:23:08.941 PM]: Connection[id: 2ec712a0-25f9-4551-ab01-4f4fd48f1836] - authentication successful using: EXTERNALBROWSER"}
{"level":"INFO","message":"[12:23:09.236 PM]: Connection[id: 2ec712a0-25f9-4551-ab01-4f4fd48f1836] - connection established successfully after 5174.1 milliseconds"}
