 
========================================== 
20.05.2026 11:30:37,82 — Sync gestartet 
========================================== 
[1/4] Hauptdaten von GSheet laden (import:gsheet)... 

> rezeptlogik-app@0.1.0 import:gsheet
> tsx scripts/import-gsheet.ts

◇ injected env (19) from .env.local // tip: ⌘ suppress logs { quiet: true }
◇ injected env (0) from .env // tip: ⌘ multiple files { path: ['.env.local', '.env'] }
Lese Ramp-up Meals LIVE aus 2 GSheet(s) …
  → Sheet 1NX4ccmp9EHgjcQcZPt2RVC4dGZm-Lhq_XEIxgs3iBP4
     3 neue Zeilen aus W19 übernommen
     22 neue Zeilen aus Ramp-up (All Markets) übernommen
  → Sheet 1IEi_CB9KylW2MgjNiGax5EIvhhAtkIzm57uO1sSESj8
     Ramp-up Tab nicht lesbar oder ohne Meal-Zeilen
     94 neue Zeilen übernommen
  119 Zeilen, 9 Wochen
Lese PFEI (Equipment- & Batch-Daten) live …
  PFEI: 770 Sub-Rezepte importiert
Lese Open Shelf Life / MLOR live …
  Open Shelf Life: 250 SKU-Zeilen importiert
  Code-Mapping: 0 Aliase (FE↔FV)
✓ C:\rezeptlogik-app\public\data\data.json
npm notice
npm notice New minor version of npm available! 11.6.2 -> 11.14.1
npm notice Changelog: https://github.com/npm/cli/releases/tag/v11.14.1
npm notice To update run: npm install -g npm@11.14.1
npm notice
OK: import:gsheet abgeschlossen 
[2/4] KPL-Dump aktualisieren (Kitchen Priority List)... 
◇ injected env (19) from .env.local // tip: ⌘ enable debugging { debug: true }
◇ injected env (0) from .env // tip: ◈ secrets for agents [www.dotenvx.com]
Spreadsheet: Kitchen Priority List-Verden-2026
Tabs: 21
Rows (sum): 1387
Output: C:\rezeptlogik-app\public\data\gsheet-dump-Kitchen_Priority_List-Verden-2026.json
OK: KPL-Dump abgeschlossen 
[3/4] Factor Forecast (PDL Daily) aktualisieren... 

> rezeptlogik-app@0.1.0 sync:factor:forecast
> tsx scripts/sync-factor-forecast.ts

◇ injected env (19) from .env.local // tip: ⌘ custom filepath { path: '/custom/path/.env' }
◇ injected env (0) from .env // tip: ⌘ custom filepath { path: '/custom/path/.env' }
📅 Gefundene KWs: 2026-W21, 2026-W20, 2026-W19
📂 Lade Daily Export [2026.05.20 07:09].csv (2026-W21) …
   → 6600 Box-Zeilen (KW 2026-W21)
📂 Lade Daily Export [2026.05.17 07:09].csv (2026-W20) …
   → 6615 Box-Zeilen (KW 2026-W20)
📂 Lade Daily Export [2026.05.10 07:14].csv (2026-W19) …
   → 7070 Box-Zeilen (KW 2026-W19)
✅ Gespeichert: C:\rezeptlogik-app\public\data\gsheet-truth-export\Factor_Daily - PDL Forecast.csv (20285 Zeilen, 3 KWs)
📝 Meta: {"week":"2026-W21","sourceFile":"Daily Export [2026.05.20 07:09].csv","downloadedAt":"2026-05-20T09:31:48.193Z","rowCount":20285,"weeksIncluded":["2026-W21","2026-W20","2026-W19"]}
OK: Factor Forecast abgeschlossen 
[4/4] Build + Deploy zu Firebase Hosting... 

> rezeptlogik-app@0.1.0 build
> tsc -b && vite build

[36mvite v5.4.21 [32mbuilding for production...[36m[39m
transforming...
[32m✓[39m 72 modules transformed.
rendering chunks...
computing gzip size...
[2mdist/[22m[32mindex.html                                [39m[1m[2m  0.61 kB[22m[1m[22m[2m │ gzip:   0.37 kB[22m
[2mdist/[22m[35massets/index--gJ0YBKu.css                 [39m[1m[2m 68.07 kB[22m[1m[22m[2m │ gzip:  11.06 kB[22m
[2mdist/[22m[36massets/firebase-QZoRDQfH.js               [39m[1m[2m  1.24 kB[22m[1m[22m[2m │ gzip:   0.79 kB[22m[2m │ map:     2.70 kB[22m
[2mdist/[22m[36massets/RackV2View-BngqWzE0.js             [39m[1m[2m 32.14 kB[22m[1m[22m[2m │ gzip:   9.03 kB[22m[2m │ map:    99.28 kB[22m
[2mdist/[22m[36massets/ShareDashboard-DlWhJy1F.js         [39m[1m[2m 35.76 kB[22m[1m[22m[2m │ gzip:   9.24 kB[22m[2m │ map:    87.28 kB[22m
[2mdist/[22m[36massets/PlanningEmailView-CE_5-9ee.js      [39m[1m[2m 61.89 kB[22m[1m[22m[2m │ gzip:  17.29 kB[22m[2m │ map:   149.06 kB[22m
[2mdist/[22m[36massets/LinePlanningView-CGQ8dD0V.js       [39m[1m[2m 78.21 kB[22m[1m[22m[2m │ gzip:  23.01 kB[22m[2m │ map:   236.98 kB[22m
[2mdist/[22m[36massets/index.esm-jGSDh8Om.js              [39m[1m[2m492.55 kB[22m[1m[22m[2m │ gzip: 122.39 kB[22m[2m │ map: 1,801.99 kB[22m
[2mdist/[22m[36massets/index-BGdOPcqX.js                  [39m[1m[33m745.86 kB[39m[22m[2m │ gzip: 203.75 kB[22m[2m │ map: 2,143.45 kB[22m
[2mdist/[22m[36massets/excel-workbook-vendor-ODl0ijB-.js  [39m[1m[33m938.81 kB[39m[22m[2m │ gzip: 271.16 kB[22m[2m │ map: 2,087.51 kB[22m
[33m
(!) Some chunks are larger than 500 kB after minification. Consider:
- Using dynamic import() to code-split the application
- Use build.rollupOptions.output.manualChunks to improve chunking: https://rollupjs.org/configuration-options/#output-manualchunks
- Adjust chunk size limit for this warning via build.chunkSizeWarningLimit.[39m
[32m✓ built in 8.27s[39m

[1m[37m===[39m Deploying to 'hellofresh-de-problem-solve'...[22m

[36m[1mi [22m[39m deploying [1mhosting[22m
[36m[1mi  hosting[rezeptlogik-verden-factor]:[22m[39m beginning deploy...
[36m[1mi  hosting[rezeptlogik-verden-factor]:[22m[39m found 53 files in [1mdist[22m
[32m[1m+  hosting[rezeptlogik-verden-factor]:[22m[39m file upload complete
[36m[1mi  hosting[rezeptlogik-verden-factor]:[22m[39m finalizing version...
[32m[1m+  hosting[rezeptlogik-verden-factor]:[22m[39m version finalized
[36m[1mi  hosting[rezeptlogik-verden-factor]:[22m[39m releasing new version...
[32m[1m+  hosting[rezeptlogik-verden-factor]:[22m[39m release complete

[32m[1m+ [22m[39m [1m[4mDeploy complete![24m[22m

[1mProject Console:[22m https://console.firebase.google.com/project/hellofresh-de-problem-solve/overview
[1mHosting URL:[22m https://rezeptlogik-verden-factor.web.app
OK: Deploy abgeschlossen 
20.05.2026 11:32:29,47 — Sync fertig 
 
========================================== 
20.05.2026 12:00:02,43 — Sync gestartet 
========================================== 
[1/4] Hauptdaten von GSheet laden (import:gsheet)... 

> rezeptlogik-app@0.1.0 import:gsheet
> tsx scripts/import-gsheet.ts

◇ injected env (19) from .env.local // tip: ⌘ override existing { override: true }
◇ injected env (0) from .env // tip: ◈ secrets for agents [www.dotenvx.com]
Lese Ramp-up Meals LIVE aus 2 GSheet(s) …
  → Sheet 1NX4ccmp9EHgjcQcZPt2RVC4dGZm-Lhq_XEIxgs3iBP4
     3 neue Zeilen aus W19 übernommen
     22 neue Zeilen aus Ramp-up (All Markets) übernommen
  → Sheet 1IEi_CB9KylW2MgjNiGax5EIvhhAtkIzm57uO1sSESj8
     Ramp-up Tab nicht lesbar oder ohne Meal-Zeilen
     94 neue Zeilen übernommen
  119 Zeilen, 9 Wochen
Lese PFEI (Equipment- & Batch-Daten) live …
  PFEI: 770 Sub-Rezepte importiert
Lese Open Shelf Life / MLOR live …
  Open Shelf Life: 250 SKU-Zeilen importiert
  Code-Mapping: 0 Aliase (FE↔FV)
✓ C:\rezeptlogik-app\public\data\data.json
OK: import:gsheet abgeschlossen 
[2/4] KPL-Dump aktualisieren (Kitchen Priority List)... 
◇ injected env (19) from .env.local // tip: ◈ secrets for agents [www.dotenvx.com]
◇ injected env (0) from .env // tip: ⌘ override existing { override: true }
Spreadsheet: Kitchen Priority List-Verden-2026
Tabs: 21
Rows (sum): 1387
Output: C:\rezeptlogik-app\public\data\gsheet-dump-Kitchen_Priority_List-Verden-2026.json
OK: KPL-Dump abgeschlossen 
[3/4] Factor Forecast (PDL Daily) aktualisieren... 

> rezeptlogik-app@0.1.0 sync:factor:forecast
> tsx scripts/sync-factor-forecast.ts

◇ injected env (19) from .env.local // tip: ⌘ custom filepath { path: '/custom/path/.env' }
◇ injected env (0) from .env // tip: ◈ secrets for agents [www.dotenvx.com]
📅 Gefundene KWs: 2026-W21, 2026-W20, 2026-W19
📂 Lade Daily Export [2026.05.20 07:09].csv (2026-W21) …
   → 6600 Box-Zeilen (KW 2026-W21)
📂 Lade Daily Export [2026.05.17 07:09].csv (2026-W20) …
   → 6615 Box-Zeilen (KW 2026-W20)
📂 Lade Daily Export [2026.05.10 07:14].csv (2026-W19) …
   → 7070 Box-Zeilen (KW 2026-W19)
✅ Gespeichert: C:\rezeptlogik-app\public\data\gsheet-truth-export\Factor_Daily - PDL Forecast.csv (20285 Zeilen, 3 KWs)
📝 Meta: {"week":"2026-W21","sourceFile":"Daily Export [2026.05.20 07:09].csv","downloadedAt":"2026-05-20T10:00:53.473Z","rowCount":20285,"weeksIncluded":["2026-W21","2026-W20","2026-W19"]}
OK: Factor Forecast abgeschlossen 
[4/4] Build + Deploy zu Firebase Hosting... 

> rezeptlogik-app@0.1.0 build
> tsc -b && vite build

[36mvite v5.4.21 [32mbuilding for production...[36m[39m
transforming...
[32m✓[39m 72 modules transformed.
rendering chunks...
computing gzip size...
[2mdist/[22m[32mindex.html                                [39m[1m[2m  0.61 kB[22m[1m[22m[2m │ gzip:   0.37 kB[22m
[2mdist/[22m[35massets/index--gJ0YBKu.css                 [39m[1m[2m 68.07 kB[22m[1m[22m[2m │ gzip:  11.06 kB[22m
[2mdist/[22m[36massets/firebase-QZoRDQfH.js               [39m[1m[2m  1.24 kB[22m[1m[22m[2m │ gzip:   0.79 kB[22m[2m │ map:     2.70 kB[22m
[2mdist/[22m[36massets/RackV2View-BngqWzE0.js             [39m[1m[2m 32.14 kB[22m[1m[22m[2m │ gzip:   9.03 kB[22m[2m │ map:    99.28 kB[22m
[2mdist/[22m[36massets/ShareDashboard-DlWhJy1F.js         [39m[1m[2m 35.76 kB[22m[1m[22m[2m │ gzip:   9.24 kB[22m[2m │ map:    87.28 kB[22m
[2mdist/[22m[36massets/PlanningEmailView-CE_5-9ee.js      [39m[1m[2m 61.89 kB[22m[1m[22m[2m │ gzip:  17.29 kB[22m[2m │ map:   149.06 kB[22m
[2mdist/[22m[36massets/LinePlanningView-CGQ8dD0V.js       [39m[1m[2m 78.21 kB[22m[1m[22m[2m │ gzip:  23.01 kB[22m[2m │ map:   236.98 kB[22m
[2mdist/[22m[36massets/index.esm-jGSDh8Om.js              [39m[1m[2m492.55 kB[22m[1m[22m[2m │ gzip: 122.39 kB[22m[2m │ map: 1,801.99 kB[22m
[2mdist/[22m[36massets/index-BGdOPcqX.js                  [39m[1m[33m745.86 kB[39m[22m[2m │ gzip: 203.75 kB[22m[2m │ map: 2,143.45 kB[22m
[2mdist/[22m[36massets/excel-workbook-vendor-ODl0ijB-.js  [39m[1m[33m938.81 kB[39m[22m[2m │ gzip: 271.16 kB[22m[2m │ map: 2,087.51 kB[22m
[33m
(!) Some chunks are larger than 500 kB after minification. Consider:
- Using dynamic import() to code-split the application
- Use build.rollupOptions.output.manualChunks to improve chunking: https://rollupjs.org/configuration-options/#output-manualchunks
- Adjust chunk size limit for this warning via build.chunkSizeWarningLimit.[39m
[32m✓ built in 10.30s[39m

[1m[37m===[39m Deploying to 'hellofresh-de-problem-solve'...[22m

[36m[1mi [22m[39m deploying [1mhosting[22m
[36m[1mi  hosting[rezeptlogik-verden-factor]:[22m[39m beginning deploy...
[36m[1mi  hosting[rezeptlogik-verden-factor]:[22m[39m found 53 files in [1mdist[22m
[32m[1m+  hosting[rezeptlogik-verden-factor]:[22m[39m file upload complete
[36m[1mi  hosting[rezeptlogik-verden-factor]:[22m[39m finalizing version...
[32m[1m+  hosting[rezeptlogik-verden-factor]:[22m[39m version finalized
[36m[1mi  hosting[rezeptlogik-verden-factor]:[22m[39m releasing new version...
[32m[1m+  hosting[rezeptlogik-verden-factor]:[22m[39m release complete

[32m[1m+ [22m[39m [1m[4mDeploy complete![24m[22m

[1mProject Console:[22m https://console.firebase.google.com/project/hellofresh-de-problem-solve/overview
[1mHosting URL:[22m https://rezeptlogik-verden-factor.web.app
OK: Deploy abgeschlossen 
20.05.2026 12:01:41,56 — Sync fertig 
 
========================================== 
20.05.2026 14:00:02,12 — Sync gestartet 
========================================== 
[1/4] Hauptdaten von GSheet laden (import:gsheet)... 

> rezeptlogik-app@0.1.0 import:gsheet
> tsx scripts/import-gsheet.ts

◇ injected env (19) from .env.local // tip: ⌘ suppress logs { quiet: true }
◇ injected env (0) from .env // tip: ⌘ enable debugging { debug: true }
Lese Ramp-up Meals LIVE aus 2 GSheet(s) …
  → Sheet 1NX4ccmp9EHgjcQcZPt2RVC4dGZm-Lhq_XEIxgs3iBP4
     3 neue Zeilen aus W19 übernommen
     22 neue Zeilen aus Ramp-up (All Markets) übernommen
  → Sheet 1IEi_CB9KylW2MgjNiGax5EIvhhAtkIzm57uO1sSESj8
     Ramp-up Tab nicht lesbar oder ohne Meal-Zeilen
     94 neue Zeilen übernommen
  119 Zeilen, 9 Wochen
Lese PFEI (Equipment- & Batch-Daten) live …
  PFEI: 770 Sub-Rezepte importiert
Lese Open Shelf Life / MLOR live …
  Open Shelf Life: 250 SKU-Zeilen importiert
  Code-Mapping: 0 Aliase (FE↔FV)
✓ C:\rezeptlogik-app\public\data\data.json
OK: import:gsheet abgeschlossen 
[2/4] KPL-Dump aktualisieren (Kitchen Priority List)... 
◇ injected env (19) from .env.local // tip: ⌘ override existing { override: true }
◇ injected env (0) from .env // tip: ⌘ multiple files { path: ['.env.local', '.env'] }
Spreadsheet: Kitchen Priority List-Verden-2026
Tabs: 21
Rows (sum): 1387
Output: C:\rezeptlogik-app\public\data\gsheet-dump-Kitchen_Priority_List-Verden-2026.json
OK: KPL-Dump abgeschlossen 
[3/4] Factor Forecast (PDL Daily) aktualisieren... 

> rezeptlogik-app@0.1.0 sync:factor:forecast
> tsx scripts/sync-factor-forecast.ts

◇ injected env (19) from .env.local // tip: ⌁ auth for agents [www.vestauth.com]
◇ injected env (0) from .env // tip: ◈ encrypted .env [www.dotenvx.com]
📅 Gefundene KWs: 2026-W21, 2026-W20, 2026-W19
📂 Lade Daily Export [2026.05.20 07:09].csv (2026-W21) …
   → 6600 Box-Zeilen (KW 2026-W21)
📂 Lade Daily Export [2026.05.17 07:09].csv (2026-W20) …
   → 6615 Box-Zeilen (KW 2026-W20)
📂 Lade Daily Export [2026.05.10 07:14].csv (2026-W19) …
   → 7070 Box-Zeilen (KW 2026-W19)
✅ Gespeichert: C:\rezeptlogik-app\public\data\gsheet-truth-export\Factor_Daily - PDL Forecast.csv (20285 Zeilen, 3 KWs)
📝 Meta: {"week":"2026-W21","sourceFile":"Daily Export [2026.05.20 07:09].csv","downloadedAt":"2026-05-20T12:00:47.595Z","rowCount":20285,"weeksIncluded":["2026-W21","2026-W20","2026-W19"]}
OK: Factor Forecast abgeschlossen 
[4/4] Build + Deploy zu Firebase Hosting... 

> rezeptlogik-app@0.1.0 build
> tsc -b && vite build

[36mvite v5.4.21 [32mbuilding for production...[36m[39m
transforming...
[32m✓[39m 72 modules transformed.
rendering chunks...
computing gzip size...
[2mdist/[22m[32mindex.html                                [39m[1m[2m  0.61 kB[22m[1m[22m[2m │ gzip:   0.37 kB[22m
[2mdist/[22m[35massets/index--gJ0YBKu.css                 [39m[1m[2m 68.07 kB[22m[1m[22m[2m │ gzip:  11.06 kB[22m
[2mdist/[22m[36massets/firebase-QZoRDQfH.js               [39m[1m[2m  1.24 kB[22m[1m[22m[2m │ gzip:   0.79 kB[22m[2m │ map:     2.70 kB[22m
[2mdist/[22m[36massets/RackV2View-BngqWzE0.js             [39m[1m[2m 32.14 kB[22m[1m[22m[2m │ gzip:   9.03 kB[22m[2m │ map:    99.28 kB[22m
[2mdist/[22m[36massets/ShareDashboard-DlWhJy1F.js         [39m[1m[2m 35.76 kB[22m[1m[22m[2m │ gzip:   9.24 kB[22m[2m │ map:    87.28 kB[22m
[2mdist/[22m[36massets/PlanningEmailView-CE_5-9ee.js      [39m[1m[2m 61.89 kB[22m[1m[22m[2m │ gzip:  17.29 kB[22m[2m │ map:   149.06 kB[22m
[2mdist/[22m[36massets/LinePlanningView-CGQ8dD0V.js       [39m[1m[2m 78.21 kB[22m[1m[22m[2m │ gzip:  23.01 kB[22m[2m │ map:   236.98 kB[22m
[2mdist/[22m[36massets/index.esm-jGSDh8Om.js              [39m[1m[2m492.55 kB[22m[1m[22m[2m │ gzip: 122.39 kB[22m[2m │ map: 1,801.99 kB[22m
[2mdist/[22m[36massets/index-BGdOPcqX.js                  [39m[1m[33m745.86 kB[39m[22m[2m │ gzip: 203.75 kB[22m[2m │ map: 2,143.45 kB[22m
[2mdist/[22m[36massets/excel-workbook-vendor-ODl0ijB-.js  [39m[1m[33m938.81 kB[39m[22m[2m │ gzip: 271.16 kB[22m[2m │ map: 2,087.51 kB[22m
[33m
(!) Some chunks are larger than 500 kB after minification. Consider:
- Using dynamic import() to code-split the application
- Use build.rollupOptions.output.manualChunks to improve chunking: https://rollupjs.org/configuration-options/#output-manualchunks
- Adjust chunk size limit for this warning via build.chunkSizeWarningLimit.[39m
[32m✓ built in 10.90s[39m

[1m[37m===[39m Deploying to 'hellofresh-de-problem-solve'...[22m

[36m[1mi [22m[39m deploying [1mhosting[22m
[36m[1mi  hosting[rezeptlogik-verden-factor]:[22m[39m beginning deploy...
[36m[1mi  hosting[rezeptlogik-verden-factor]:[22m[39m found 53 files in [1mdist[22m
[32m[1m+  hosting[rezeptlogik-verden-factor]:[22m[39m file upload complete
[36m[1mi  hosting[rezeptlogik-verden-factor]:[22m[39m finalizing version...
[32m[1m+  hosting[rezeptlogik-verden-factor]:[22m[39m version finalized
[36m[1mi  hosting[rezeptlogik-verden-factor]:[22m[39m releasing new version...
[32m[1m+  hosting[rezeptlogik-verden-factor]:[22m[39m release complete

[32m[1m+ [22m[39m [1m[4mDeploy complete![24m[22m

[1mProject Console:[22m https://console.firebase.google.com/project/hellofresh-de-problem-solve/overview
[1mHosting URL:[22m https://rezeptlogik-verden-factor.web.app
OK: Deploy abgeschlossen 
20.05.2026 14:01:33,25 — Sync fertig 
 
========================================== 
20.05.2026 16:00:02,18 — Sync gestartet 
========================================== 
[1/4] Hauptdaten von GSheet laden (import:gsheet)... 

> rezeptlogik-app@0.1.0 import:gsheet
> tsx scripts/import-gsheet.ts

◇ injected env (19) from .env.local // tip: ⌘ override existing { override: true }
◇ injected env (0) from .env // tip: ◈ encrypted .env [www.dotenvx.com]
Lese Ramp-up Meals LIVE aus 2 GSheet(s) …
  → Sheet 1NX4ccmp9EHgjcQcZPt2RVC4dGZm-Lhq_XEIxgs3iBP4
     3 neue Zeilen aus W19 übernommen
     22 neue Zeilen aus Ramp-up (All Markets) übernommen
  → Sheet 1IEi_CB9KylW2MgjNiGax5EIvhhAtkIzm57uO1sSESj8
     Ramp-up Tab nicht lesbar oder ohne Meal-Zeilen
     94 neue Zeilen übernommen
  119 Zeilen, 9 Wochen
Lese PFEI (Equipment- & Batch-Daten) live …
  PFEI: 770 Sub-Rezepte importiert
Lese Open Shelf Life / MLOR live …
  Open Shelf Life: 250 SKU-Zeilen importiert
  Code-Mapping: 0 Aliase (FE↔FV)
✓ C:\rezeptlogik-app\public\data\data.json
OK: import:gsheet abgeschlossen 
[2/4] KPL-Dump aktualisieren (Kitchen Priority List)... 
◇ injected env (19) from .env.local // tip: ⌘ multiple files { path: ['.env.local', '.env'] }
◇ injected env (0) from .env // tip: ⌁ auth for agents [www.vestauth.com]
Spreadsheet: Kitchen Priority List-Verden-2026
Tabs: 21
Rows (sum): 1387
Output: C:\rezeptlogik-app\public\data\gsheet-dump-Kitchen_Priority_List-Verden-2026.json
OK: KPL-Dump abgeschlossen 
[3/4] Factor Forecast (PDL Daily) aktualisieren... 

> rezeptlogik-app@0.1.0 sync:factor:forecast
> tsx scripts/sync-factor-forecast.ts

◇ injected env (19) from .env.local // tip: ◈ secrets for agents [www.dotenvx.com]
◇ injected env (0) from .env // tip: ⌘ enable debugging { debug: true }
📅 Gefundene KWs: 2026-W21, 2026-W20, 2026-W19
📂 Lade Daily Export [2026.05.20 07:09].csv (2026-W21) …
   → 6600 Box-Zeilen (KW 2026-W21)
📂 Lade Daily Export [2026.05.17 07:09].csv (2026-W20) …
   → 6615 Box-Zeilen (KW 2026-W20)
📂 Lade Daily Export [2026.05.10 07:14].csv (2026-W19) …
   → 7070 Box-Zeilen (KW 2026-W19)
✅ Gespeichert: C:\rezeptlogik-app\public\data\gsheet-truth-export\Factor_Daily - PDL Forecast.csv (20285 Zeilen, 3 KWs)
📝 Meta: {"week":"2026-W21","sourceFile":"Daily Export [2026.05.20 07:09].csv","downloadedAt":"2026-05-20T14:00:36.607Z","rowCount":20285,"weeksIncluded":["2026-W21","2026-W20","2026-W19"]}
OK: Factor Forecast abgeschlossen 
[4/4] Build + Deploy zu Firebase Hosting... 

> rezeptlogik-app@0.1.0 build
> tsc -b && vite build

[36mvite v5.4.21 [32mbuilding for production...[36m[39m
transforming...
[32m✓[39m 72 modules transformed.
rendering chunks...
computing gzip size...
[2mdist/[22m[32mindex.html                                [39m[1m[2m  0.61 kB[22m[1m[22m[2m │ gzip:   0.37 kB[22m
[2mdist/[22m[35massets/index--gJ0YBKu.css                 [39m[1m[2m 68.07 kB[22m[1m[22m[2m │ gzip:  11.06 kB[22m
[2mdist/[22m[36massets/firebase-QZoRDQfH.js               [39m[1m[2m  1.24 kB[22m[1m[22m[2m │ gzip:   0.79 kB[22m[2m │ map:     2.70 kB[22m
[2mdist/[22m[36massets/RackV2View-BngqWzE0.js             [39m[1m[2m 32.14 kB[22m[1m[22m[2m │ gzip:   9.03 kB[22m[2m │ map:    99.28 kB[22m
[2mdist/[22m[36massets/ShareDashboard-DlWhJy1F.js         [39m[1m[2m 35.76 kB[22m[1m[22m[2m │ gzip:   9.24 kB[22m[2m │ map:    87.28 kB[22m
[2mdist/[22m[36massets/PlanningEmailView-CE_5-9ee.js      [39m[1m[2m 61.89 kB[22m[1m[22m[2m │ gzip:  17.29 kB[22m[2m │ map:   149.06 kB[22m
[2mdist/[22m[36massets/LinePlanningView-CGQ8dD0V.js       [39m[1m[2m 78.21 kB[22m[1m[22m[2m │ gzip:  23.01 kB[22m[2m │ map:   236.98 kB[22m
[2mdist/[22m[36massets/index.esm-jGSDh8Om.js              [39m[1m[2m492.55 kB[22m[1m[22m[2m │ gzip: 122.39 kB[22m[2m │ map: 1,801.99 kB[22m
[2mdist/[22m[36massets/index-BGdOPcqX.js                  [39m[1m[33m745.86 kB[39m[22m[2m │ gzip: 203.75 kB[22m[2m │ map: 2,143.45 kB[22m
[2mdist/[22m[36massets/excel-workbook-vendor-ODl0ijB-.js  [39m[1m[33m938.81 kB[39m[22m[2m │ gzip: 271.16 kB[22m[2m │ map: 2,087.51 kB[22m
[33m
(!) Some chunks are larger than 500 kB after minification. Consider:
- Using dynamic import() to code-split the application
- Use build.rollupOptions.output.manualChunks to improve chunking: https://rollupjs.org/configuration-options/#output-manualchunks
- Adjust chunk size limit for this warning via build.chunkSizeWarningLimit.[39m
[32m✓ built in 11.82s[39m

[1m[37m===[39m Deploying to 'hellofresh-de-problem-solve'...[22m

[36m[1mi [22m[39m deploying [1mhosting[22m
[36m[1mi  hosting[rezeptlogik-verden-factor]:[22m[39m beginning deploy...
[36m[1mi  hosting[rezeptlogik-verden-factor]:[22m[39m found 53 files in [1mdist[22m
[32m[1m+  hosting[rezeptlogik-verden-factor]:[22m[39m file upload complete
[36m[1mi  hosting[rezeptlogik-verden-factor]:[22m[39m finalizing version...
[32m[1m+  hosting[rezeptlogik-verden-factor]:[22m[39m version finalized
[36m[1mi  hosting[rezeptlogik-verden-factor]:[22m[39m releasing new version...
[32m[1m+  hosting[rezeptlogik-verden-factor]:[22m[39m release complete

[32m[1m+ [22m[39m [1m[4mDeploy complete![24m[22m

[1mProject Console:[22m https://console.firebase.google.com/project/hellofresh-de-problem-solve/overview
[1mHosting URL:[22m https://rezeptlogik-verden-factor.web.app
OK: Deploy abgeschlossen 
20.05.2026 16:01:20,87 — Sync fertig 
 
========================================== 
21.05.2026  7:01:37,69 — Sync gestartet 
========================================== 
[1/4] Hauptdaten von GSheet laden (import:gsheet)... 

> rezeptlogik-app@0.1.0 import:gsheet
> tsx scripts/import-gsheet.ts

◇ injected env (19) from .env.local // tip: ◈ encrypted .env [www.dotenvx.com]
◇ injected env (0) from .env // tip: ⌘ suppress logs { quiet: true }
Lese Ramp-up Meals LIVE aus 2 GSheet(s) …
  → Sheet 1NX4ccmp9EHgjcQcZPt2RVC4dGZm-Lhq_XEIxgs3iBP4
     3 neue Zeilen aus W19 übernommen
     22 neue Zeilen aus Ramp-up (All Markets) übernommen
  → Sheet 1IEi_CB9KylW2MgjNiGax5EIvhhAtkIzm57uO1sSESj8
     Ramp-up Tab nicht lesbar oder ohne Meal-Zeilen
     94 neue Zeilen übernommen
  119 Zeilen, 9 Wochen
Lese PFEI (Equipment- & Batch-Daten) live …
  PFEI: 770 Sub-Rezepte importiert
Lese Open Shelf Life / MLOR live …
  Open Shelf Life: 250 SKU-Zeilen importiert
  Code-Mapping: 0 Aliase (FE↔FV)
✓ C:\rezeptlogik-app\public\data\data.json
OK: import:gsheet abgeschlossen 
[2/4] KPL-Dump aktualisieren (Kitchen Priority List)... 
◇ injected env (19) from .env.local // tip: ◈ encrypted .env [www.dotenvx.com]
◇ injected env (0) from .env // tip: ⌘ custom filepath { path: '/custom/path/.env' }
Spreadsheet: Kitchen Priority List-Verden-2026
Tabs: 21
Rows (sum): 1387
Output: C:\rezeptlogik-app\public\data\gsheet-dump-Kitchen_Priority_List-Verden-2026.json
OK: KPL-Dump abgeschlossen 
[3/4] Factor Forecast (PDL Daily) aktualisieren... 

> rezeptlogik-app@0.1.0 sync:factor:forecast
> tsx scripts/sync-factor-forecast.ts

◇ injected env (19) from .env.local // tip: ⌘ suppress logs { quiet: true }
◇ injected env (0) from .env // tip: ⌘ enable debugging { debug: true }
📅 Gefundene KWs: 2026-W21, 2026-W20, 2026-W19
📂 Lade Daily Export [2026.05.20 07:09].csv (2026-W21) …
   → 6600 Box-Zeilen (KW 2026-W21)
📂 Lade Daily Export [2026.05.17 07:09].csv (2026-W20) …
   → 6615 Box-Zeilen (KW 2026-W20)
📂 Lade Daily Export [2026.05.10 07:14].csv (2026-W19) …
   → 7070 Box-Zeilen (KW 2026-W19)
✅ Gespeichert: C:\rezeptlogik-app\public\data\gsheet-truth-export\Factor_Daily - PDL Forecast.csv (20285 Zeilen, 3 KWs)
📝 Meta: {"week":"2026-W21","sourceFile":"Daily Export [2026.05.20 07:09].csv","downloadedAt":"2026-05-21T05:02:11.552Z","rowCount":20285,"weeksIncluded":["2026-W21","2026-W20","2026-W19"]}
OK: Factor Forecast abgeschlossen 
[4/4] Build + Deploy zu Firebase Hosting... 

> rezeptlogik-app@0.1.0 build
> tsc -b && vite build

[36mvite v5.4.21 [32mbuilding for production...[36m[39m
transforming...
[32m✓[39m 72 modules transformed.
rendering chunks...
computing gzip size...
[2mdist/[22m[32mindex.html                                [39m[1m[2m  0.61 kB[22m[1m[22m[2m │ gzip:   0.37 kB[22m
[2mdist/[22m[35massets/index--gJ0YBKu.css                 [39m[1m[2m 68.07 kB[22m[1m[22m[2m │ gzip:  11.06 kB[22m
[2mdist/[22m[36massets/firebase-QZoRDQfH.js               [39m[1m[2m  1.24 kB[22m[1m[22m[2m │ gzip:   0.79 kB[22m[2m │ map:     2.70 kB[22m
[2mdist/[22m[36massets/RackV2View-BngqWzE0.js             [39m[1m[2m 32.14 kB[22m[1m[22m[2m │ gzip:   9.03 kB[22m[2m │ map:    99.28 kB[22m
[2mdist/[22m[36massets/ShareDashboard-DlWhJy1F.js         [39m[1m[2m 35.76 kB[22m[1m[22m[2m │ gzip:   9.24 kB[22m[2m │ map:    87.28 kB[22m
[2mdist/[22m[36massets/PlanningEmailView-CE_5-9ee.js      [39m[1m[2m 61.89 kB[22m[1m[22m[2m │ gzip:  17.29 kB[22m[2m │ map:   149.06 kB[22m
[2mdist/[22m[36massets/LinePlanningView-CGQ8dD0V.js       [39m[1m[2m 78.21 kB[22m[1m[22m[2m │ gzip:  23.01 kB[22m[2m │ map:   236.98 kB[22m
[2mdist/[22m[36massets/index.esm-jGSDh8Om.js              [39m[1m[2m492.55 kB[22m[1m[22m[2m │ gzip: 122.39 kB[22m[2m │ map: 1,801.99 kB[22m
[2mdist/[22m[36massets/index-BGdOPcqX.js                  [39m[1m[33m745.86 kB[39m[22m[2m │ gzip: 203.75 kB[22m[2m │ map: 2,143.45 kB[22m
[2mdist/[22m[36massets/excel-workbook-vendor-ODl0ijB-.js  [39m[1m[33m938.81 kB[39m[22m[2m │ gzip: 271.16 kB[22m[2m │ map: 2,087.51 kB[22m
[33m
(!) Some chunks are larger than 500 kB after minification. Consider:
- Using dynamic import() to code-split the application
- Use build.rollupOptions.output.manualChunks to improve chunking: https://rollupjs.org/configuration-options/#output-manualchunks
- Adjust chunk size limit for this warning via build.chunkSizeWarningLimit.[39m
[32m✓ built in 9.83s[39m

[1m[37m===[39m Deploying to 'hellofresh-de-problem-solve'...[22m

[36m[1mi [22m[39m deploying [1mhosting[22m
[36m[1mi  hosting[rezeptlogik-verden-factor]:[22m[39m beginning deploy...
[36m[1mi  hosting[rezeptlogik-verden-factor]:[22m[39m found 53 files in [1mdist[22m
[32m[1m+  hosting[rezeptlogik-verden-factor]:[22m[39m file upload complete
[36m[1mi  hosting[rezeptlogik-verden-factor]:[22m[39m finalizing version...
[32m[1m+  hosting[rezeptlogik-verden-factor]:[22m[39m version finalized
[36m[1mi  hosting[rezeptlogik-verden-factor]:[22m[39m releasing new version...
[32m[1m+  hosting[rezeptlogik-verden-factor]:[22m[39m release complete

[32m[1m+ [22m[39m [1m[4mDeploy complete![24m[22m

[1mProject Console:[22m https://console.firebase.google.com/project/hellofresh-de-problem-solve/overview
[1mHosting URL:[22m https://rezeptlogik-verden-factor.web.app
OK: Deploy abgeschlossen 
21.05.2026  7:06:51,51 — Sync fertig 
 
========================================== 
21.05.2026  8:00:01,95 — Sync gestartet 
========================================== 
[1/4] Hauptdaten von GSheet laden (import:gsheet)... 

> rezeptlogik-app@0.1.0 import:gsheet
> tsx scripts/import-gsheet.ts

◇ injected env (19) from .env.local // tip: ⌘ multiple files { path: ['.env.local', '.env'] }
◇ injected env (0) from .env // tip: ⌘ custom filepath { path: '/custom/path/.env' }
Lese Ramp-up Meals LIVE aus 2 GSheet(s) …
  → Sheet 1NX4ccmp9EHgjcQcZPt2RVC4dGZm-Lhq_XEIxgs3iBP4
     3 neue Zeilen aus W19 übernommen
     22 neue Zeilen aus Ramp-up (All Markets) übernommen
  → Sheet 1IEi_CB9KylW2MgjNiGax5EIvhhAtkIzm57uO1sSESj8
     Ramp-up Tab nicht lesbar oder ohne Meal-Zeilen
     94 neue Zeilen übernommen
  119 Zeilen, 9 Wochen
Lese PFEI (Equipment- & Batch-Daten) live …
  PFEI: 770 Sub-Rezepte importiert
Lese Open Shelf Life / MLOR live …
  Open Shelf Life: 250 SKU-Zeilen importiert
  Code-Mapping: 0 Aliase (FE↔FV)
✓ C:\rezeptlogik-app\public\data\data.json
OK: import:gsheet abgeschlossen 
[2/4] KPL-Dump aktualisieren (Kitchen Priority List)... 
◇ injected env (19) from .env.local // tip: ◈ secrets for agents [www.dotenvx.com]
◇ injected env (0) from .env // tip: ◈ secrets for agents [www.dotenvx.com]
Spreadsheet: Kitchen Priority List-Verden-2026
Tabs: 22
Rows (sum): 1460
Output: C:\rezeptlogik-app\public\data\gsheet-dump-Kitchen_Priority_List-Verden-2026.json
OK: KPL-Dump abgeschlossen 
[3/4] Factor Forecast (PDL Daily) aktualisieren... 

> rezeptlogik-app@0.1.0 sync:factor:forecast
> tsx scripts/sync-factor-forecast.ts

◇ injected env (19) from .env.local // tip: ⌘ custom filepath { path: '/custom/path/.env' }
◇ injected env (0) from .env // tip: ◈ secrets for agents [www.dotenvx.com]
📅 Gefundene KWs: 2026-W21, 2026-W20, 2026-W19
📂 Lade Daily Export [2026.05.21 07:17].csv (2026-W21) …
   → 3569 Box-Zeilen (KW 2026-W22)
📂 Lade Daily Export [2026.05.17 07:09].csv (2026-W20) …
   → 6615 Box-Zeilen (KW 2026-W20)
📂 Lade Daily Export [2026.05.10 07:14].csv (2026-W19) …
   → 7070 Box-Zeilen (KW 2026-W19)
✅ Gespeichert: C:\rezeptlogik-app\public\data\gsheet-truth-export\Factor_Daily - PDL Forecast.csv (17254 Zeilen, 3 KWs)
📝 Meta: {"week":"2026-W22","sourceFile":"Daily Export [2026.05.21 07:17].csv","downloadedAt":"2026-05-21T06:00:41.149Z","rowCount":17254,"weeksIncluded":["2026-W21","2026-W20","2026-W19"]}
OK: Factor Forecast abgeschlossen 
[4/4] Build + Deploy zu Firebase Hosting... 

> rezeptlogik-app@0.1.0 build
> tsc -b && vite build

[36mvite v5.4.21 [32mbuilding for production...[36m[39m
transforming...
[32m✓[39m 72 modules transformed.
rendering chunks...
computing gzip size...
[2mdist/[22m[32mindex.html                                [39m[1m[2m  0.61 kB[22m[1m[22m[2m │ gzip:   0.37 kB[22m
[2mdist/[22m[35massets/index-CIN9KjGQ.css                 [39m[1m[2m 68.18 kB[22m[1m[22m[2m │ gzip:  11.07 kB[22m
[2mdist/[22m[36massets/firebase-QZoRDQfH.js               [39m[1m[2m  1.24 kB[22m[1m[22m[2m │ gzip:   0.79 kB[22m[2m │ map:     2.70 kB[22m
[2mdist/[22m[36massets/RackV2View-BKe4ShJn.js             [39m[1m[2m 32.14 kB[22m[1m[22m[2m │ gzip:   9.03 kB[22m[2m │ map:    99.28 kB[22m
[2mdist/[22m[36massets/ShareDashboard-CX7FwgT8.js         [39m[1m[2m 35.76 kB[22m[1m[22m[2m │ gzip:   9.24 kB[22m[2m │ map:    87.28 kB[22m
[2mdist/[22m[36massets/PlanningEmailView-BiIY8h6R.js      [39m[1m[2m 66.17 kB[22m[1m[22m[2m │ gzip:  18.45 kB[22m[2m │ map:   160.77 kB[22m
[2mdist/[22m[36massets/LinePlanningView-DhT_Tyjd.js       [39m[1m[2m 79.17 kB[22m[1m[22m[2m │ gzip:  23.31 kB[22m[2m │ map:   239.99 kB[22m
[2mdist/[22m[36massets/index.esm-jGSDh8Om.js              [39m[1m[2m492.55 kB[22m[1m[22m[2m │ gzip: 122.39 kB[22m[2m │ map: 1,801.99 kB[22m
[2mdist/[22m[36massets/index-ChVoG2CL.js                  [39m[1m[33m747.59 kB[39m[22m[2m │ gzip: 204.20 kB[22m[2m │ map: 2,148.23 kB[22m
[2mdist/[22m[36massets/excel-workbook-vendor-ODl0ijB-.js  [39m[1m[33m938.81 kB[39m[22m[2m │ gzip: 271.16 kB[22m[2m │ map: 2,087.51 kB[22m
[33m
(!) Some chunks are larger than 500 kB after minification. Consider:
- Using dynamic import() to code-split the application
- Use build.rollupOptions.output.manualChunks to improve chunking: https://rollupjs.org/configuration-options/#output-manualchunks
- Adjust chunk size limit for this warning via build.chunkSizeWarningLimit.[39m
[32m✓ built in 7.93s[39m

[1m[37m===[39m Deploying to 'hellofresh-de-problem-solve'...[22m

[36m[1mi [22m[39m deploying [1mhosting[22m
[36m[1mi  hosting[rezeptlogik-verden-factor]:[22m[39m beginning deploy...
[36m[1mi  hosting[rezeptlogik-verden-factor]:[22m[39m found 53 files in [1mdist[22m
[32m[1m+  hosting[rezeptlogik-verden-factor]:[22m[39m file upload complete
[36m[1mi  hosting[rezeptlogik-verden-factor]:[22m[39m finalizing version...
[32m[1m+  hosting[rezeptlogik-verden-factor]:[22m[39m version finalized
[36m[1mi  hosting[rezeptlogik-verden-factor]:[22m[39m releasing new version...
[32m[1m+  hosting[rezeptlogik-verden-factor]:[22m[39m release complete

[32m[1m+ [22m[39m [1m[4mDeploy complete![24m[22m

[1mProject Console:[22m https://console.firebase.google.com/project/hellofresh-de-problem-solve/overview
[1mHosting URL:[22m https://rezeptlogik-verden-factor.web.app
OK: Deploy abgeschlossen 
21.05.2026  8:01:15,53 — Sync fertig 
 
========================================== 
21.05.2026 10:00:01,89 — Sync gestartet 
========================================== 
[1/4] Hauptdaten von GSheet laden (import:gsheet)... 

> rezeptlogik-app@0.1.0 import:gsheet
> tsx scripts/import-gsheet.ts

◇ injected env (19) from .env.local // tip: ⌘ override existing { override: true }
◇ injected env (0) from .env // tip: ◈ encrypted .env [www.dotenvx.com]
Lese Ramp-up Meals LIVE aus 2 GSheet(s) …
  → Sheet 1NX4ccmp9EHgjcQcZPt2RVC4dGZm-Lhq_XEIxgs3iBP4
     3 neue Zeilen aus W19 übernommen
     22 neue Zeilen aus Ramp-up (All Markets) übernommen
  → Sheet 1IEi_CB9KylW2MgjNiGax5EIvhhAtkIzm57uO1sSESj8
     Ramp-up Tab nicht lesbar oder ohne Meal-Zeilen
     94 neue Zeilen übernommen
  119 Zeilen, 9 Wochen
Lese PFEI (Equipment- & Batch-Daten) live …
  PFEI: 770 Sub-Rezepte importiert
Lese Open Shelf Life / MLOR live …
  Open Shelf Life: 250 SKU-Zeilen importiert
  Code-Mapping: 0 Aliase (FE↔FV)
✓ C:\rezeptlogik-app\public\data\data.json
OK: import:gsheet abgeschlossen 
[2/4] KPL-Dump aktualisieren (Kitchen Priority List)... 
◇ injected env (19) from .env.local // tip: ⌘ multiple files { path: ['.env.local', '.env'] }
◇ injected env (0) from .env // tip: ◈ secrets for agents [www.dotenvx.com]
Spreadsheet: Kitchen Priority List-Verden-2026
Tabs: 23
Rows (sum): 1487
Output: C:\rezeptlogik-app\public\data\gsheet-dump-Kitchen_Priority_List-Verden-2026.json
OK: KPL-Dump abgeschlossen 
[3/4] Factor Forecast (PDL Daily) aktualisieren... 

> rezeptlogik-app@0.1.0 sync:factor:forecast
> tsx scripts/sync-factor-forecast.ts

◇ injected env (19) from .env.local // tip: ⌘ suppress logs { quiet: true }
◇ injected env (0) from .env // tip: ⌘ multiple files { path: ['.env.local', '.env'] }
📅 Gefundene KWs: 2026-W21, 2026-W20, 2026-W19
📂 Lade Daily Export [2026.05.21 07:17].csv (2026-W21) …
   → 3569 Box-Zeilen (KW 2026-W22)
📂 Lade Daily Export [2026.05.17 07:09].csv (2026-W20) …
   → 6615 Box-Zeilen (KW 2026-W20)
📂 Lade Daily Export [2026.05.10 07:14].csv (2026-W19) …
   → 7070 Box-Zeilen (KW 2026-W19)
✅ Gespeichert: C:\rezeptlogik-app\public\data\gsheet-truth-export\Factor_Daily - PDL Forecast.csv (17254 Zeilen, 3 KWs)
📝 Meta: {"week":"2026-W22","sourceFile":"Daily Export [2026.05.21 07:17].csv","downloadedAt":"2026-05-21T08:00:38.223Z","rowCount":17254,"weeksIncluded":["2026-W21","2026-W20","2026-W19"]}
OK: Factor Forecast abgeschlossen 
[4/4] Build + Deploy zu Firebase Hosting... 

> rezeptlogik-app@0.1.0 build
> tsc -b && vite build

[36mvite v5.4.21 [32mbuilding for production...[36m[39m
transforming...
[32m✓[39m 72 modules transformed.
rendering chunks...
computing gzip size...
[2mdist/[22m[32mindex.html                                [39m[1m[2m  0.61 kB[22m[1m[22m[2m │ gzip:   0.37 kB[22m
[2mdist/[22m[35massets/index-BSGk7pA3.css                 [39m[1m[2m 67.58 kB[22m[1m[22m[2m │ gzip:  11.01 kB[22m
[2mdist/[22m[36massets/firebase-QZoRDQfH.js               [39m[1m[2m  1.24 kB[22m[1m[22m[2m │ gzip:   0.79 kB[22m[2m │ map:     2.70 kB[22m
[2mdist/[22m[36massets/RackV2View-DBPywGmI.js             [39m[1m[2m 32.14 kB[22m[1m[22m[2m │ gzip:   9.03 kB[22m[2m │ map:    99.28 kB[22m
[2mdist/[22m[36massets/ShareDashboard-CN_k-LM7.js         [39m[1m[2m 35.76 kB[22m[1m[22m[2m │ gzip:   9.24 kB[22m[2m │ map:    87.28 kB[22m
[2mdist/[22m[36massets/LinePlanningView-Bhu0QvMa.js       [39m[1m[2m 65.07 kB[22m[1m[22m[2m │ gzip:  19.48 kB[22m[2m │ map:   200.15 kB[22m
[2mdist/[22m[36massets/PlanningEmailView-CdyzilCz.js      [39m[1m[2m 66.20 kB[22m[1m[22m[2m │ gzip:  18.46 kB[22m[2m │ map:   160.84 kB[22m
[2mdist/[22m[36massets/index.esm-jGSDh8Om.js              [39m[1m[2m492.55 kB[22m[1m[22m[2m │ gzip: 122.39 kB[22m[2m │ map: 1,801.99 kB[22m
[2mdist/[22m[36massets/index-CRRqsu12.js                  [39m[1m[33m747.59 kB[39m[22m[2m │ gzip: 204.19 kB[22m[2m │ map: 2,148.23 kB[22m
[2mdist/[22m[36massets/excel-workbook-vendor-ODl0ijB-.js  [39m[1m[33m938.81 kB[39m[22m[2m │ gzip: 271.16 kB[22m[2m │ map: 2,087.51 kB[22m
[33m
(!) Some chunks are larger than 500 kB after minification. Consider:
- Using dynamic import() to code-split the application
- Use build.rollupOptions.output.manualChunks to improve chunking: https://rollupjs.org/configuration-options/#output-manualchunks
- Adjust chunk size limit for this warning via build.chunkSizeWarningLimit.[39m
[32m✓ built in 7.91s[39m

[1m[37m===[39m Deploying to 'hellofresh-de-problem-solve'...[22m

[36m[1mi [22m[39m deploying [1mhosting[22m
[36m[1mi  hosting[rezeptlogik-verden-factor]:[22m[39m beginning deploy...
[36m[1mi  hosting[rezeptlogik-verden-factor]:[22m[39m found 53 files in [1mdist[22m
[32m[1m+  hosting[rezeptlogik-verden-factor]:[22m[39m file upload complete
[36m[1mi  hosting[rezeptlogik-verden-factor]:[22m[39m finalizing version...
[32m[1m+  hosting[rezeptlogik-verden-factor]:[22m[39m version finalized
[36m[1mi  hosting[rezeptlogik-verden-factor]:[22m[39m releasing new version...
[32m[1m+  hosting[rezeptlogik-verden-factor]:[22m[39m release complete

[32m[1m+ [22m[39m [1m[4mDeploy complete![24m[22m

[1mProject Console:[22m https://console.firebase.google.com/project/hellofresh-de-problem-solve/overview
[1mHosting URL:[22m https://rezeptlogik-verden-factor.web.app
OK: Deploy abgeschlossen 
21.05.2026 10:01:16,06 — Sync fertig 
 
========================================== 
21.05.2026 12:32:12,16 — Sync gestartet 
========================================== 
[1/4] Hauptdaten von GSheet laden (import:gsheet)... 

> rezeptlogik-app@0.1.0 import:gsheet
> tsx scripts/import-gsheet.ts

◇ injected env (19) from .env.local // tip: ⌘ override existing { override: true }
◇ injected env (0) from .env // tip: ⌘ custom filepath { path: '/custom/path/.env' }
Lese Ramp-up Meals LIVE aus 2 GSheet(s) …
  → Sheet 1NX4ccmp9EHgjcQcZPt2RVC4dGZm-Lhq_XEIxgs3iBP4
     3 neue Zeilen aus W19 übernommen
     22 neue Zeilen aus Ramp-up (All Markets) übernommen
  → Sheet 1IEi_CB9KylW2MgjNiGax5EIvhhAtkIzm57uO1sSESj8
     Ramp-up Tab nicht lesbar oder ohne Meal-Zeilen
     95 neue Zeilen übernommen
  120 Zeilen, 10 Wochen
Lese PFEI (Equipment- & Batch-Daten) live …
  PFEI: 770 Sub-Rezepte importiert
Lese Open Shelf Life / MLOR live …
  Open Shelf Life: 250 SKU-Zeilen importiert
  Code-Mapping: 0 Aliase (FE↔FV)
✓ C:\rezeptlogik-app\public\data\data.json
OK: import:gsheet abgeschlossen 
[2/4] KPL-Dump aktualisieren (Kitchen Priority List)... 
◇ injected env (19) from .env.local // tip: ◈ encrypted .env [www.dotenvx.com]
◇ injected env (0) from .env // tip: ⌘ enable debugging { debug: true }
Spreadsheet: Kitchen Priority List-Verden-2026
Tabs: 23
Rows (sum): 2040
Output: C:\rezeptlogik-app\public\data\gsheet-dump-Kitchen_Priority_List-Verden-2026.json
OK: KPL-Dump abgeschlossen 
[3/4] Factor Forecast (PDL Daily) aktualisieren... 

> rezeptlogik-app@0.1.0 sync:factor:forecast
> tsx scripts/sync-factor-forecast.ts

◇ injected env (19) from .env.local // tip: ⌘ override existing { override: true }
◇ injected env (0) from .env // tip: ◈ secrets for agents [www.dotenvx.com]
📅 Gefundene KWs: 2026-W21, 2026-W20, 2026-W19
📂 Lade Daily Export [2026.05.21 07:17].csv (2026-W21) …
   → 3569 Box-Zeilen (KW 2026-W22)
📂 Lade Daily Export [2026.05.17 07:09].csv (2026-W20) …
   → 6615 Box-Zeilen (KW 2026-W20)
📂 Lade Daily Export [2026.05.10 07:14].csv (2026-W19) …
   → 7070 Box-Zeilen (KW 2026-W19)
✅ Gespeichert: C:\rezeptlogik-app\public\data\gsheet-truth-export\Factor_Daily - PDL Forecast.csv (17254 Zeilen, 3 KWs)
📝 Meta: {"week":"2026-W22","sourceFile":"Daily Export [2026.05.21 07:17].csv","downloadedAt":"2026-05-21T10:32:56.263Z","rowCount":17254,"weeksIncluded":["2026-W21","2026-W20","2026-W19"]}
OK: Factor Forecast abgeschlossen 
[4/4] Build + Deploy zu Firebase Hosting... 

> rezeptlogik-app@0.1.0 build
> tsc -b && vite build

^C^C 
========================================== 
22.05.2026  6:32:22,83 — Sync gestartet 
========================================== 
[1/4] Hauptdaten von GSheet laden (import:gsheet)... 
 
========================================== 
22.05.2026  8:00:02,18 — Sync gestartet 
========================================== 
[1/4] Hauptdaten von GSheet laden (import:gsheet)... 

> rezeptlogik-app@0.1.0 import:gsheet
> tsx scripts/import-gsheet.ts

◇ injected env (19) from .env.local // tip: ⌘ override existing { override: true }
◇ injected env (0) from .env // tip: ⌘ suppress logs { quiet: true }
Lese Ramp-up Meals LIVE aus 2 GSheet(s) …
  → Sheet 1NX4ccmp9EHgjcQcZPt2RVC4dGZm-Lhq_XEIxgs3iBP4
     3 neue Zeilen aus W19 übernommen
     21 neue Zeilen aus Ramp-up (All Markets) übernommen
  → Sheet 1IEi_CB9KylW2MgjNiGax5EIvhhAtkIzm57uO1sSESj8
     Ramp-up Tab nicht lesbar oder ohne Meal-Zeilen
     100 neue Zeilen übernommen
  124 Zeilen, 10 Wochen
Lese PFEI (Equipment- & Batch-Daten) live …
  PFEI: 770 Sub-Rezepte importiert
Lese Open Shelf Life / MLOR live …
  Open Shelf Life: 250 SKU-Zeilen importiert
  Code-Mapping: 0 Aliase (FE↔FV)
✓ C:\rezeptlogik-app\public\data\data.json
OK: import:gsheet abgeschlossen 
[2/4] KPL-Dump aktualisieren (Kitchen Priority List)... 
◇ injected env (19) from .env.local // tip: ⌁ auth for agents [www.vestauth.com]
◇ injected env (0) from .env // tip: ⌘ multiple files { path: ['.env.local', '.env'] }
Spreadsheet: Kitchen Priority List-Verden-2026
Tabs: 23
Rows (sum): 2071
Output: C:\rezeptlogik-app\public\data\gsheet-dump-Kitchen_Priority_List-Verden-2026.json
OK: KPL-Dump abgeschlossen 
[3/4] Factor Forecast (PDL Daily) aktualisieren... 

> rezeptlogik-app@0.1.0 sync:factor:forecast
> tsx scripts/sync-factor-forecast.ts

◇ injected env (19) from .env.local // tip: ◈ encrypted .env [www.dotenvx.com]
◇ injected env (0) from .env // tip: ◈ secrets for agents [www.dotenvx.com]
📅 Gefundene KWs: 2026-W21, 2026-W20, 2026-W19
📂 Lade Daily Export [2026.05.22 07:13].csv (2026-W21) …
   → 6035 Box-Zeilen (KW 2026-W22)
📂 Lade Daily Export [2026.05.17 07:09].csv (2026-W20) …
   → 6615 Box-Zeilen (KW 2026-W20)
📂 Lade Daily Export [2026.05.10 07:14].csv (2026-W19) …
   → 7070 Box-Zeilen (KW 2026-W19)
✅ Gespeichert: C:\rezeptlogik-app\public\data\gsheet-truth-export\Factor_Daily - PDL Forecast.csv (19720 Zeilen, 3 KWs)
📝 Meta: {"week":"2026-W22","sourceFile":"Daily Export [2026.05.22 07:13].csv","downloadedAt":"2026-05-22T06:00:40.305Z","rowCount":19720,"weeksIncluded":["2026-W21","2026-W20","2026-W19"]}
OK: Factor Forecast abgeschlossen 
[4/4] Build + Deploy zu Firebase Hosting... 

> rezeptlogik-app@0.1.0 build
> tsc -b && vite build

[36mvite v5.4.21 [32mbuilding for production...[36m[39m
transforming...
[32m✓[39m 72 modules transformed.
rendering chunks...
computing gzip size...
[2mdist/[22m[32mindex.html                                [39m[1m[2m  0.61 kB[22m[1m[22m[2m │ gzip:   0.37 kB[22m
[2mdist/[22m[35massets/index-DldUT3lW.css                 [39m[1m[2m 68.29 kB[22m[1m[22m[2m │ gzip:  11.12 kB[22m
[2mdist/[22m[36massets/firebase-QZoRDQfH.js               [39m[1m[2m  1.24 kB[22m[1m[22m[2m │ gzip:   0.79 kB[22m[2m │ map:     2.70 kB[22m
[2mdist/[22m[36massets/RackV2View-BCvKaW_K.js             [39m[1m[2m 32.14 kB[22m[1m[22m[2m │ gzip:   9.03 kB[22m[2m │ map:    99.28 kB[22m
[2mdist/[22m[36massets/ShareDashboard-CF-oZ4X4.js         [39m[1m[2m 35.76 kB[22m[1m[22m[2m │ gzip:   9.24 kB[22m[2m │ map:    87.28 kB[22m
[2mdist/[22m[36massets/PlanningEmailView-UTRR8Atx.js      [39m[1m[2m 66.22 kB[22m[1m[22m[2m │ gzip:  18.46 kB[22m[2m │ map:   160.86 kB[22m
[2mdist/[22m[36massets/LinePlanningView-VB-VUzOc.js       [39m[1m[2m 78.78 kB[22m[1m[22m[2m │ gzip:  23.30 kB[22m[2m │ map:   245.29 kB[22m
[2mdist/[22m[36massets/index.esm-jGSDh8Om.js              [39m[1m[2m492.55 kB[22m[1m[22m[2m │ gzip: 122.39 kB[22m[2m │ map: 1,801.99 kB[22m
[2mdist/[22m[36massets/index-DAdf7YSE.js                  [39m[1m[33m765.19 kB[39m[22m[2m │ gzip: 208.35 kB[22m[2m │ map: 2,196.99 kB[22m
[2mdist/[22m[36massets/excel-workbook-vendor-ODl0ijB-.js  [39m[1m[33m938.81 kB[39m[22m[2m │ gzip: 271.16 kB[22m[2m │ map: 2,087.51 kB[22m
[33m
(!) Some chunks are larger than 500 kB after minification. Consider:
- Using dynamic import() to code-split the application
- Use build.rollupOptions.output.manualChunks to improve chunking: https://rollupjs.org/configuration-options/#output-manualchunks
- Adjust chunk size limit for this warning via build.chunkSizeWarningLimit.[39m
[32m✓ built in 6.81s[39m

[1m[37m===[39m Deploying to 'hellofresh-de-problem-solve'...[22m

[36m[1mi [22m[39m deploying [1mhosting[22m
[36m[1mi  hosting[rezeptlogik-verden-factor]:[22m[39m beginning deploy...
[36m[1mi  hosting[rezeptlogik-verden-factor]:[22m[39m found 56 files in [1mdist[22m
[32m[1m+  hosting[rezeptlogik-verden-factor]:[22m[39m file upload complete
[36m[1mi  hosting[rezeptlogik-verden-factor]:[22m[39m finalizing version...
[32m[1m+  hosting[rezeptlogik-verden-factor]:[22m[39m version finalized
[36m[1mi  hosting[rezeptlogik-verden-factor]:[22m[39m releasing new version...
[32m[1m+  hosting[rezeptlogik-verden-factor]:[22m[39m release complete

[32m[1m+ [22m[39m [1m[4mDeploy complete![24m[22m

[1mProject Console:[22m https://console.firebase.google.com/project/hellofresh-de-problem-solve/overview
[1mHosting URL:[22m https://rezeptlogik-verden-factor.web.app
OK: Deploy abgeschlossen 
22.05.2026  8:01:13,48 — Sync fertig 
